---
source: tui_app_server/src/bottom_pane/chat_composer.rs
expression: terminal.backend()
---
"                                                            "
"› /                                                         "
"                                                            "
"  /help          show slash command help                    "
"  /model         choose what model and reasoning effort to  "
"                 use                                        "
"  /permissions   choose what Codex is allowed to do         "
"  /experimental  toggle experimental features               "
