---
source: tui/src/app/fork_session_overlay_vt100_tests.rs
expression: vt100_contents(&terminal)
---
╭─────────────────────────────────────────────╮
│ >_ OpenAI Codex (v0.0.0)                    │
│                                             │
│ model:     gpt-5.4 xhigh   /model to change │
│ directory: ~/code/codex/codex-rs/tui        │
╰─────────────────────────────────────────────╯
                  ╭ fork session   running  ctrl+] prefix────────────────────────╮
                  │ count to 10                                                  │
› count to 10     │                                                              │
                  │1                                                             │
                  │2                                                             │
1                 │3                                                             │
2                 │4                                                             │
3                 │5                                                             │
4                 │6                                                             │
5                 │7                                                             │
6                 │8                                                             │
7                 │9                                                             │
8                 │10                                                            │
9                 │                                                              │
10                ╰──────────────────────────────────────────────────────────────╯


› Summarize recent commits

  gpt-5.4 xhigh · 100% left · /tmp/worktree
