---
source: tui/src/app/fork_session_overlay.rs
expression: snapshot_buffer(&buf)
---
╭─────────────────────────────────────────────╮
│ >_ OpenAI Codex (v0.0.0)                    │
│                                             │
│ model:     gpt-5.3-codex   /model to change │
│ directory: /tmp/project                     │
╰─────────────────────────────────────────────╯


› Ask Codex to do anything

  gpt-5.3-codex default · 100% left · /tmp/project
