---
source: tui_app_server/src/chatwidget/tests.rs
expression: popup
---
  Upload logs and rollout?

  Is it OK to upload the log and rollout for the main agent and all sub-agents


  Connectivity diagnostics
    - OPENAI_BASE_URL is set and may affect connectivity.
      - OPENAI_BASE_URL = hello

› 1. Yes  Share the current Codex session log and rollout with the team for
          troubleshooting.
  2. No

  Press enter to confirm or esc to go back
