---
source: tui_app_server/src/chatwidget/tests.rs
assertion_line: 11571
expression: term.backend().vt100().screen().contents()
---



⚠ MCP client for `alpha` failed to start: handshake failed
⚠ MCP startup incomplete (failed: alpha)


› Ask Codex to do anything

  ? for shortcuts                                                                                    100% context left
