---
source: tui/src/bottom_pane/chat_composer.rs
expression: terminal.backend()
---
"                                                                        "
"› hell                                                                  "
"                                                                        "
"                                                                        "
"                                                                        "
"                                                                        "
"                                                                        "
"                                                                        "
"draft completion timed out                                              "
