---
source: tui/src/chatwidget/tests.rs
expression: popup
---
  Slash Commands

  Type / to open the command popup. For commands with both a picker and an arg form, bare /command
  opens the picker and /command ... runs directly.
  Args use shell-style quoting; quote values with spaces.

  /help
    show slash command help
    Usage:
        /help

  /model
    choose what model and reasoning effort to use
    Usage:
        /model
        /model <model> [default|none|minimal|low|medium|high|xhigh] [plan-only|all-modes]

  /fast
    toggle Fast mode to enable fastest inference at 2X plan usage
    Usage:
        /fast
        /fast <on|off|status>

  /approvals
    choose what Codex is allowed to do
  Scroll with ↑/↓ or pgup/pgdn, close with esc.
