---
source: tui/src/chatwidget/tests.rs
assertion_line: 2568
expression: terminal.backend().vt100().screen().contents()
---

╭───────────────────────────────────────╮
│ >_ OpenAI Codex (v0.0.0)              │
│                                       │
│ model:     loading   /model to change │
│ directory: /tmp/project               │
╰───────────────────────────────────────╯

• Subagents (0s • no subagents running • esc to interrupt)
• [#1] [watchdog] watchdog-agent idle (59s) — watchdog idle


› show current subagent state

  gpt-5.3-codex default · 100% left · /tmp/project
