---
source: tui/src/chatwidget/tests.rs
expression: terminal.backend().vt100().screen().contents()
---
╭──────────────────────────────────────────────╮
│ >_ OpenAI Codex (v0.0.0)                     │
│                                              │
│ model:     loading   /model to change        │
│ directory: ~/code/codex-split/…/codex-rs/tui │
╰──────────────────────────────────────────────╯

• Subagents (0s • no subagents running • esc to interrupt)
• [#1] [watchdog] watchdog-agent idle — watchdog idle


› show current subagent state

                                                             100% context left
