---
source: tui/src/chatwidget/tests.rs
expression: rendered
---
"                                                                                "
"                                                                                "
"› Ask Codex to do anything                                                      "
"                                                                                "
"   BTW from main thread · Esc to return                                         "
