---
source: tui/src/onboarding/auth.rs
expression: "format!(\"{buf:?}\")"
---
Buffer {
    area: Rect { x: 0, y: 0, width: 70, height: 18 },
    content: [
        "  Sign in with ChatGPT to use Codex as part of your paid plan         ",
        "  or connect an API key for usage-based billing                       ",
        "                                                                      ",
        "  1. Sign in with ChatGPT                                             ",
        "     Usage included with Plus, Pro, Business, and Enterprise plans    ",
        "                                                                      ",
        "> 2. Sign in with Device Code                                         ",
        "     Sign in from another device with a one-time code                 ",
        "                                                                      ",
        "  3. Provide your own API key                                         ",
        "     Pay for what you use                                             ",
        "                                                                      ",
        "  Press Enter to continue                                             ",
        "                                                                      ",
        "Device code sign-in is not yet available through the app-server       ",
        "onboarding flow. Use browser sign-in instead.                         ",
        "                                                                      ",
        "                                                                      ",
    ],
    styles: [
        x: 0, y: 0, fg: Reset, bg: Reset, underline: Reset, modifier: NONE,
        x: 0, y: 4, fg: Reset, bg: Reset, underline: Reset, modifier: DIM,
        x: 66, y: 4, fg: Reset, bg: Reset, underline: Reset, modifier: NONE,
        x: 0, y: 6, fg: Cyan, bg: Reset, underline: Reset, modifier: DIM,
        x: 5, y: 6, fg: Cyan, bg: Reset, underline: Reset, modifier: NONE,
        x: 29, y: 6, fg: Reset, bg: Reset, underline: Reset, modifier: NONE,
        x: 0, y: 7, fg: Cyan, bg: Reset, underline: Reset, modifier: DIM,
        x: 53, y: 7, fg: Reset, bg: Reset, underline: Reset, modifier: NONE,
        x: 0, y: 10, fg: Reset, bg: Reset, underline: Reset, modifier: DIM,
        x: 25, y: 10, fg: Reset, bg: Reset, underline: Reset, modifier: NONE,
        x: 0, y: 12, fg: Reset, bg: Reset, underline: Reset, modifier: DIM,
        x: 25, y: 12, fg: Reset, bg: Reset, underline: Reset, modifier: NONE,
        x: 0, y: 14, fg: Red, bg: Reset, underline: Reset, modifier: NONE,
        x: 63, y: 14, fg: Reset, bg: Reset, underline: Reset, modifier: NONE,
        x: 0, y: 15, fg: Red, bg: Reset, underline: Reset, modifier: NONE,
        x: 45, y: 15, fg: Reset, bg: Reset, underline: Reset, modifier: NONE,
    ]
}
