---
source: tui/src/onboarding/auth.rs
expression: "format!(\"{buf:?}\")"
---
Buffer {
    area: Rect { x: 0, y: 0, width: 70, height: 18 },
    content: [
        "  Preparing device code login                                         ",
        "                                                                      ",
        "  Requesting a one-time code...                                       ",
        "                                                                      ",
        "  Press Esc to cancel                                                 ",
        "                                                                      ",
        "                                                                      ",
        "                                                                      ",
        "                                                                      ",
        "                                                                      ",
        "                                                                      ",
        "                                                                      ",
        "                                                                      ",
        "                                                                      ",
        "                                                                      ",
        "                                                                      ",
        "                                                                      ",
        "                                                                      ",
    ],
    styles: [
        x: 0, y: 0, fg: Reset, bg: Reset, underline: Reset, modifier: NONE,
        x: 0, y: 2, fg: Reset, bg: Reset, underline: Reset, modifier: DIM,
        x: 31, y: 2, fg: Reset, bg: Reset, underline: Reset, modifier: NONE,
        x: 0, y: 4, fg: Reset, bg: Reset, underline: Reset, modifier: DIM,
        x: 21, y: 4, fg: Reset, bg: Reset, underline: Reset, modifier: NONE,
    ]
}
